[2026-07-11T19:45:03.892Z] 🚀 بدء تشغيل السكربت
[2026-07-11T19:45:03.894Z] 📌 نقطة التوقف الحالية: الفهرس 0
[2026-07-11T19:45:08.630Z] ✅ واتساب جاهز
[2026-07-11T19:45:08.633Z] 📞 عدد الأرقام بعد التنظيف: 7
[2026-07-11T19:45:08.634Z] 📝 الرسالة: 🕒 
...
[2026-07-11T19:45:08.634Z] ⏩ الاستئناف من الفهرس 0 (الرقم: 34652092716)
[2026-07-11T19:45:12.856Z] ✔ تم الإرسال إلى 34652092716
[2026-07-11T19:45:12.859Z] ⏳ انتظار 35.6 ثانية
[2026-07-11T19:45:48.605Z] ✔ تم الإرسال إلى 212602088262
[2026-07-11T19:45:48.606Z] ⏳ انتظار 33.8 ثانية
[2026-07-11T19:46:22.516Z] ✔ تم الإرسال إلى 34632547380
[2026-07-11T19:46:22.517Z] ⏳ انتظار 31.7 ثانية
[2026-07-11T19:46:54.390Z] ✔ تم الإرسال إلى 212601781138
[2026-07-11T19:46:54.391Z] ⏳ انتظار 20.5 ثانية
[2026-07-11T19:47:14.999Z] ✔ تم الإرسال إلى 212703106510
[2026-07-11T19:47:15.000Z] ⏳ انتظار 23.9 ثانية
[2026-07-11T19:47:39.019Z] ✔ تم الإرسال إلى 212607301499
[2026-07-11T19:47:39.020Z] ⏳ انتظار 33.7 ثانية
[2026-07-11T19:48:12.852Z] ✔ تم الإرسال إلى 212643540145
[2026-07-11T19:48:12.853Z] ⏳ انتظار 38.9 ثانية
[2026-07-11T19:48:51.734Z] 🏁 انتهت الحلقة الرئيسية
[2026-07-11T19:48:51.737Z] 📊 تم تحديث aggregate.json
[2026-07-11T19:48:51.877Z] 📨 تم إرسال التقرير للإدمن
[2026-07-11T19:55:07.554Z] 🚀 بدء تشغيل السكربت
[2026-07-11T19:55:07.555Z] 📌 نقطة التوقف الحالية: الفهرس 0
[2026-07-11T19:55:12.808Z] ✅ واتساب جاهز
[2026-07-11T19:55:12.810Z] 📞 عدد الأرقام بعد التنظيف: 7
[2026-07-11T19:55:12.810Z] 📝 الرسالة: 🕒 
...
[2026-07-11T19:55:12.810Z] ⏩ الاستئناف من الفهرس 0 (الرقم: 34652092716)
[2026-07-11T19:55:12.810Z] ⏭️ الرقم 34652092716 سبق معالجته اليوم، تخطي
[2026-07-11T19:55:12.810Z] ⏭️ الرقم 212602088262 سبق معالجته اليوم، تخطي
[2026-07-11T19:55:12.810Z] ⏭️ الرقم 34632547380 سبق معالجته اليوم، تخطي
[2026-07-11T19:55:12.811Z] ⏭️ الرقم 212601781138 سبق معالجته اليوم، تخطي
[2026-07-11T19:55:12.811Z] ⏭️ الرقم 212703106510 سبق معالجته اليوم، تخطي
[2026-07-11T19:55:12.811Z] ⏭️ الرقم 212607301499 سبق معالجته اليوم، تخطي
[2026-07-11T19:55:12.811Z] ⏭️ الرقم 212643540145 سبق معالجته اليوم، تخطي
[2026-07-11T19:55:12.811Z] 🏁 انتهت الحلقة الرئيسية
[2026-07-11T19:55:12.814Z] 📊 تم تحديث aggregate.json
[2026-07-11T19:55:14.000Z] 📨 تم إرسال التقرير للإدمن
[2026-07-11T21:06:34.728Z] 🚀 بدء تشغيل السكربت
[2026-07-11T21:06:34.729Z] 📌 نقطة التوقف الحالية: الفهرس 0
[2026-07-11T21:06:40.852Z] ✅ واتساب جاهز
[2026-07-11T21:06:40.854Z] 📞 عدد الأرقام بعد التنظيف: 8
[2026-07-11T21:06:40.856Z] 📝 الرسالة: 🕒 
...
[2026-07-11T21:06:40.856Z] ⏩ الاستئناف من الفهرس 0 (الرقم: 34652092716)
[2026-07-11T21:06:40.856Z] ⏭️ الرقم 34652092716 سبق معالجته اليوم، تخطي
[2026-07-11T21:06:40.856Z] ⏭️ الرقم 212602088262 سبق معالجته اليوم، تخطي
[2026-07-11T21:06:40.856Z] ⏭️ الرقم 34632547380 سبق معالجته اليوم، تخطي
[2026-07-11T21:06:42.195Z] ✔ تم الإرسال إلى 212640656394
[2026-07-11T21:06:42.196Z] ⏳ انتظار 33.1 ثانية
[2026-07-11T21:07:15.266Z] ⏭️ الرقم 212601781138 سبق معالجته اليوم، تخطي
[2026-07-11T21:07:15.266Z] ⏭️ الرقم 212703106510 سبق معالجته اليوم، تخطي
[2026-07-11T21:07:15.266Z] ⏭️ الرقم 212607301499 سبق معالجته اليوم، تخطي
[2026-07-11T21:07:15.267Z] ⏭️ الرقم 212643540145 سبق معالجته اليوم، تخطي
[2026-07-11T21:07:15.267Z] 🏁 انتهت الحلقة الرئيسية
[2026-07-11T21:07:15.269Z] 📊 تم تحديث aggregate.json
[2026-07-11T21:07:15.397Z] 📨 تم إرسال التقرير للإدمن
