[2026-07-13T21:53:33.024Z] 🚀 بدء تشغيل السكربت
[2026-07-13T21:53:33.026Z] 📌 نقطة التوقف الحالية: الفهرس 0
[2026-07-13T21:53:55.117Z] ✅ واتساب جاهز
[2026-07-13T21:53:55.122Z] 📞 عدد الأرقام بعد التنظيف: 3
[2026-07-13T21:53:55.124Z] 📝 الرسالة: 🕒 
...
[2026-07-13T21:53:55.124Z] ⏩ الاستئناف من الفهرس 0 (الرقم: 212642284241)
[2026-07-13T21:53:56.215Z] ✔ تم الإرسال إلى 212642284241
[2026-07-13T21:53:56.217Z] ⏳ انتظار 26.4 ثانية
[2026-07-13T21:54:22.768Z] ✔ تم الإرسال إلى 212607301499
[2026-07-13T21:54:22.769Z] ⏳ انتظار 22.6 ثانية
[2026-07-13T21:54:45.554Z] ✔ تم الإرسال إلى 212602088262
[2026-07-13T21:54:45.555Z] ⏳ انتظار 38.6 ثانية
[2026-07-13T21:55:24.159Z] 🏁 انتهت الحلقة الرئيسية
[2026-07-13T21:55:24.162Z] 📊 تم تحديث aggregate.json
[2026-07-13T21:55:24.288Z] 📨 تم إرسال التقرير للإدمن
[2026-07-13T22:07:34.355Z] 🚀 بدء تشغيل السكربت
[2026-07-13T22:07:34.356Z] 📌 نقطة التوقف الحالية: الفهرس 0
[2026-07-13T22:07:38.619Z] ✅ واتساب جاهز
[2026-07-13T22:07:38.621Z] 📞 عدد الأرقام بعد التنظيف: 3
[2026-07-13T22:07:38.622Z] 📝 تم تحميل 4 رسالة من message.json
[2026-07-13T22:07:38.622Z] 📌 نماذج من الرسائل: مساء الخير 🌸 مساءكم أروع من القمر 🌙 | مساء النور والهدوء ✨ الله يسعد مسائكم 💫 | مساء الفل والياسمين 🌼 ربي يجعله مساء سعيداً عليكم 🌹 ...
[2026-07-13T22:07:38.622Z] ⏩ الاستئناف من الفهرس 0 (الرقم: 212642284241)
[2026-07-13T22:07:38.622Z] ⏭️ الرقم 212642284241 سبق معالجته اليوم، تخطي
[2026-07-13T22:07:38.622Z] ⏭️ الرقم 212607301499 سبق معالجته اليوم، تخطي
[2026-07-13T22:07:38.622Z] ⏭️ الرقم 212602088262 سبق معالجته اليوم، تخطي
[2026-07-13T22:07:38.622Z] 🏁 انتهت الحلقة الرئيسية
[2026-07-13T22:07:38.626Z] 📊 تم تحديث aggregate.json
[2026-07-13T22:07:41.256Z] 📨 تم إرسال التقرير للإدمن
[2026-07-13T22:12:30.352Z] 🚀 بدء تشغيل السكربت
[2026-07-13T22:12:30.353Z] 📌 نقطة التوقف الحالية: الفهرس 0
[2026-07-13T22:12:34.868Z] ✅ واتساب جاهز
[2026-07-13T22:12:34.872Z] 📞 عدد الأرقام بعد التنظيف: 6
[2026-07-13T22:12:34.873Z] 📝 تم تحميل 4 رسالة من message.json
[2026-07-13T22:12:34.873Z] 📌 نماذج من الرسائل: مساء الخير 🌸 مساءكم أروع من القمر 🌙 | مساء النور والهدوء ✨ الله يسعد مسائكم 💫 | مساء الفل والياسمين 🌼 ربي يجعله مساء سعيداً عليكم 🌹 ...
[2026-07-13T22:12:34.873Z] ⏩ الاستئناف من الفهرس 0 (الرقم: 212642284241)
[2026-07-13T22:12:37.161Z] ✔ تم الإرسال إلى 212642284241 (مساء الخير 🌸 مساءكم أروع من ا...)
[2026-07-13T22:12:37.162Z] ⏳ انتظار 27.2 ثانية
[2026-07-13T22:13:04.551Z] ✔ تم الإرسال إلى 212607301499 (مساء النور والهدوء ✨ الله يسعد...)
[2026-07-13T22:13:04.587Z] ⏳ انتظار 34.6 ثانية
[2026-07-13T22:13:39.382Z] ✔ تم الإرسال إلى 212602088262 (مساء النور والهدوء ✨ الله يسعد...)
[2026-07-13T22:13:39.384Z] ⏳ انتظار 38.3 ثانية
[2026-07-13T22:14:17.900Z] ✔ تم الإرسال إلى 34632547380 (مساء الخير 🌸 مساءكم أروع من ا...)
[2026-07-13T22:14:17.901Z] ⏳ انتظار 25.5 ثانية
[2026-07-13T22:14:43.601Z] ✔ تم الإرسال إلى 212703106510 (مساء الورد 🌷 مع أطيب الأمنيات...)
[2026-07-13T22:14:43.607Z] ⏳ انتظار 28.3 ثانية
[2026-07-13T22:15:12.078Z] ✔ تم الإرسال إلى 212601781138 (مساء الورد 🌷 مع أطيب الأمنيات...)
[2026-07-13T22:15:12.079Z] ⏳ انتظار 34.9 ثانية
[2026-07-13T22:15:46.983Z] 🏁 انتهت الحلقة الرئيسية
[2026-07-13T22:15:46.986Z] 📊 تم تحديث aggregate.json
[2026-07-13T22:15:47.196Z] 📨 تم إرسال التقرير للإدمن
