[2026-07-15T10:55:18.607Z] 🚀 بدء تشغيل السكربت
[2026-07-15T10:55:18.608Z] 📌 نقطة التوقف الحالية: الفهرس 0
[2026-07-15T10:55:34.369Z] ✅ واتساب جاهز
[2026-07-15T10:55:34.372Z] 📞 عدد الأرقام بعد التنظيف: 5
[2026-07-15T10:55:34.372Z] 📝 تم تحميل 3 رسالة من message.json
[2026-07-15T10:55:34.372Z] 📌 نماذج من الرسائل: مساء النور  🌸 | مساء الخير 🌷 | مساء السعادة  🌹
[2026-07-15T10:55:34.372Z] ⏩ الاستئناف من الفهرس 0 (الرقم: 212607301499)
[2026-07-15T10:55:35.621Z] ✔ تم الإرسال إلى 212607301499 (مساء الخير 🌷...)
[2026-07-15T10:55:35.626Z] ⏳ انتظار 21.4 ثانية
[2026-07-15T10:55:57.373Z] ✔ تم الإرسال إلى 212602088262 (مساء النور  🌸...)
[2026-07-15T10:55:57.374Z] ⏳ انتظار 37.1 ثانية
[2026-07-15T10:56:34.766Z] ✔ تم الإرسال إلى 34632547380 (مساء الخير 🌷...)
[2026-07-15T10:56:34.769Z] ⏳ انتظار 21.0 ثانية
[2026-07-15T10:56:55.955Z] ✔ تم الإرسال إلى 212703106510 (مساء النور  🌸...)
[2026-07-15T10:56:55.956Z] ⏳ انتظار 23.5 ثانية
[2026-07-15T10:57:19.748Z] ✔ تم الإرسال إلى 212601781138 (مساء الخير 🌷...)
[2026-07-15T10:57:19.749Z] ⏳ انتظار 36.0 ثانية
[2026-07-15T10:57:55.726Z] 🏁 انتهت الحلقة الرئيسية
[2026-07-15T10:57:55.729Z] 📊 تم تحديث aggregate.json
[2026-07-15T10:57:55.911Z] 📨 تم إرسال التقرير للإدمن
