[2026-07-14T08:38:22.304Z] 🚀 بدء تشغيل السكربت
[2026-07-14T08:38:22.306Z] 📌 نقطة التوقف الحالية: الفهرس 0
[2026-07-14T08:38:26.794Z] ✅ واتساب جاهز
[2026-07-14T08:38:26.796Z] 📞 عدد الأرقام بعد التنظيف: 5
[2026-07-14T08:38:26.797Z] 📝 تم تحميل 3 رسالة من message.json
[2026-07-14T08:38:26.797Z] 📌 نماذج من الرسائل: صباح النور  🌸 | صباح الخير 🌷 | صباح السعادة  🌹
[2026-07-14T08:38:26.797Z] ⏩ الاستئناف من الفهرس 0 (الرقم: 212607301499)
[2026-07-14T08:38:28.299Z] ✔ تم الإرسال إلى 212607301499 (صباح السعادة  🌹...)
[2026-07-14T08:38:28.300Z] ⏳ انتظار 24.2 ثانية
[2026-07-14T08:38:52.659Z] ✔ تم الإرسال إلى 212602088262 (صباح النور  🌸...)
[2026-07-14T08:38:52.773Z] ⏳ انتظار 23.9 ثانية
[2026-07-14T08:39:16.874Z] ✔ تم الإرسال إلى 34632547380 (صباح السعادة  🌹...)
[2026-07-14T08:39:16.874Z] ⏳ انتظار 20.8 ثانية
[2026-07-14T08:39:37.824Z] ✔ تم الإرسال إلى 212703106510 (صباح النور  🌸...)
[2026-07-14T08:39:37.825Z] ⏳ انتظار 35.5 ثانية
[2026-07-14T08:40:13.473Z] ✔ تم الإرسال إلى 212601781138 (صباح النور  🌸...)
[2026-07-14T08:40:13.473Z] ⏳ انتظار 36.2 ثانية
[2026-07-14T08:40:49.712Z] 🏁 انتهت الحلقة الرئيسية
[2026-07-14T08:40:49.715Z] 📊 تم تحديث aggregate.json
[2026-07-14T08:40:49.867Z] 📨 تم إرسال التقرير للإدمن
